MPLINK 5.08, LINKER
Linker Map File - Created Thu May 03 00:53:53 2018

                                 Section Info
                  Section       Type    Address   Location Size(Bytes)
                ---------  ---------  ---------  ---------  ---------
                   .org_0       code   0x000000    program   0x000002
                   .cinit    romdata   0x000001    program   0x000004
                   .org_1       code   0x000004    program   0x00008e
.config_2007_BUILD/DEFAULT/PRODUCTION/MAIN.O       code   0x002007    program   0x000002



                              Program Memory Usage 
                               Start         End      
                           ---------   ---------      
                            0x000000    0x000002      
                            0x000004    0x00004a      
                            0x002007    0x002007      
            75 out of 2182 program addresses used, program memory utilization is 3%



                              Symbols - Sorted by Name
                     Name    Address   Location    Storage File                     
                ---------  ---------  ---------  --------- ---------                
               ABRE_BOMBA   0x00002a    program     static C:\Users\marcos\Documents\micro_2018_1\PROJETO1_PART2_REV1.X\MAIN.asm
             ABRE_VALVULA   0x000030    program     static C:\Users\marcos\Documents\micro_2018_1\PROJETO1_PART2_REV1.X\MAIN.asm
              CHECA_BOMBA   0x000022    program     static C:\Users\marcos\Documents\micro_2018_1\PROJETO1_PART2_REV1.X\MAIN.asm
              CHECA_CAIXA   0x00001e    program     static C:\Users\marcos\Documents\micro_2018_1\PROJETO1_PART2_REV1.X\MAIN.asm
                    DELAY   0x000032    program     static C:\Users\marcos\Documents\micro_2018_1\PROJETO1_PART2_REV1.X\MAIN.asm
              FECHA_BOMBA   0x000026    program     static C:\Users\marcos\Documents\micro_2018_1\PROJETO1_PART2_REV1.X\MAIN.asm
            FECHA_VALVULA   0x00002e    program     static C:\Users\marcos\Documents\micro_2018_1\PROJETO1_PART2_REV1.X\MAIN.asm
                   INICIO   0x00003d    program     static C:\Users\marcos\Documents\micro_2018_1\PROJETO1_PART2_REV1.X\MAIN.asm
                   INT_RB   0x000019    program     static C:\Users\marcos\Documents\micro_2018_1\PROJETO1_PART2_REV1.X\MAIN.asm
               LIMPA_TUDO   0x000036    program     static C:\Users\marcos\Documents\micro_2018_1\PROJETO1_PART2_REV1.X\MAIN.asm
                     MAIN   0x00003c    program     static C:\Users\marcos\Documents\micro_2018_1\PROJETO1_PART2_REV1.X\MAIN.asm
                    PULSA   0x000011    program     static C:\Users\marcos\Documents\micro_2018_1\PROJETO1_PART2_REV1.X\MAIN.asm
                    TIMER   0x00000b    program     static C:\Users\marcos\Documents\micro_2018_1\PROJETO1_PART2_REV1.X\MAIN.asm



                              Symbols - Sorted by Address
                     Name    Address   Location    Storage File                     
                ---------  ---------  ---------  --------- ---------                
                    TIMER   0x00000b    program     static C:\Users\marcos\Documents\micro_2018_1\PROJETO1_PART2_REV1.X\MAIN.asm
                    PULSA   0x000011    program     static C:\Users\marcos\Documents\micro_2018_1\PROJETO1_PART2_REV1.X\MAIN.asm
                   INT_RB   0x000019    program     static C:\Users\marcos\Documents\micro_2018_1\PROJETO1_PART2_REV1.X\MAIN.asm
              CHECA_CAIXA   0x00001e    program     static C:\Users\marcos\Documents\micro_2018_1\PROJETO1_PART2_REV1.X\MAIN.asm
              CHECA_BOMBA   0x000022    program     static C:\Users\marcos\Documents\micro_2018_1\PROJETO1_PART2_REV1.X\MAIN.asm
              FECHA_BOMBA   0x000026    program     static C:\Users\marcos\Documents\micro_2018_1\PROJETO1_PART2_REV1.X\MAIN.asm
               ABRE_BOMBA   0x00002a    program     static C:\Users\marcos\Documents\micro_2018_1\PROJETO1_PART2_REV1.X\MAIN.asm
            FECHA_VALVULA   0x00002e    program     static C:\Users\marcos\Documents\micro_2018_1\PROJETO1_PART2_REV1.X\MAIN.asm
             ABRE_VALVULA   0x000030    program     static C:\Users\marcos\Documents\micro_2018_1\PROJETO1_PART2_REV1.X\MAIN.asm
                    DELAY   0x000032    program     static C:\Users\marcos\Documents\micro_2018_1\PROJETO1_PART2_REV1.X\MAIN.asm
               LIMPA_TUDO   0x000036    program     static C:\Users\marcos\Documents\micro_2018_1\PROJETO1_PART2_REV1.X\MAIN.asm
                     MAIN   0x00003c    program     static C:\Users\marcos\Documents\micro_2018_1\PROJETO1_PART2_REV1.X\MAIN.asm
                   INICIO   0x00003d    program     static C:\Users\marcos\Documents\micro_2018_1\PROJETO1_PART2_REV1.X\MAIN.asm


