MPLINK 5.08, LINKER
Linker Map File - Created Thu May 03 01:35:15 2018

                                 Section Info
                  Section       Type    Address   Location Size(Bytes)
                ---------  ---------  ---------  ---------  ---------
                   .org_0       code   0x000000    program   0x000002
                   .cinit    romdata   0x000001    program   0x000004
                   .org_1       code   0x000004    program   0x000092
.config_2007_BUILD/DEFAULT/PRODUCTION/MAIN.O       code   0x002007    program   0x000002



                              Program Memory Usage 
                               Start         End      
                           ---------   ---------      
                            0x000000    0x000002      
                            0x000004    0x00004c      
                            0x002007    0x002007      
            77 out of 2182 program addresses used, program memory utilization is 3%



                              Symbols - Sorted by Name
                     Name    Address   Location    Storage File                     
                ---------  ---------  ---------  --------- ---------                
               ABRE_BOMBA   0x00002b    program     static C:\Users\marcos\Documents\micro_2018_1\PROJETO1_PART2_REV1.X\MAIN.asm
             ABRE_VALVULA   0x000031    program     static C:\Users\marcos\Documents\micro_2018_1\PROJETO1_PART2_REV1.X\MAIN.asm
              CHECA_BOMBA   0x000023    program     static C:\Users\marcos\Documents\micro_2018_1\PROJETO1_PART2_REV1.X\MAIN.asm
              CHECA_CAIXA   0x00001f    program     static C:\Users\marcos\Documents\micro_2018_1\PROJETO1_PART2_REV1.X\MAIN.asm
                    DELAY   0x000033    program     static C:\Users\marcos\Documents\micro_2018_1\PROJETO1_PART2_REV1.X\MAIN.asm
              FECHA_BOMBA   0x000027    program     static C:\Users\marcos\Documents\micro_2018_1\PROJETO1_PART2_REV1.X\MAIN.asm
            FECHA_VALVULA   0x00002f    program     static C:\Users\marcos\Documents\micro_2018_1\PROJETO1_PART2_REV1.X\MAIN.asm
                   INICIO   0x00003f    program     static C:\Users\marcos\Documents\micro_2018_1\PROJETO1_PART2_REV1.X\MAIN.asm
                   INT_RB   0x00001a    program     static C:\Users\marcos\Documents\micro_2018_1\PROJETO1_PART2_REV1.X\MAIN.asm
               LIMPA_TUDO   0x000038    program     static C:\Users\marcos\Documents\micro_2018_1\PROJETO1_PART2_REV1.X\MAIN.asm
                     MAIN   0x00003e    program     static C:\Users\marcos\Documents\micro_2018_1\PROJETO1_PART2_REV1.X\MAIN.asm
                    PULSA   0x000012    program     static C:\Users\marcos\Documents\micro_2018_1\PROJETO1_PART2_REV1.X\MAIN.asm
                    TIMER   0x00000b    program     static C:\Users\marcos\Documents\micro_2018_1\PROJETO1_PART2_REV1.X\MAIN.asm



                              Symbols - Sorted by Address
                     Name    Address   Location    Storage File                     
                ---------  ---------  ---------  --------- ---------                
                    TIMER   0x00000b    program     static C:\Users\marcos\Documents\micro_2018_1\PROJETO1_PART2_REV1.X\MAIN.asm
                    PULSA   0x000012    program     static C:\Users\marcos\Documents\micro_2018_1\PROJETO1_PART2_REV1.X\MAIN.asm
                   INT_RB   0x00001a    program     static C:\Users\marcos\Documents\micro_2018_1\PROJETO1_PART2_REV1.X\MAIN.asm
              CHECA_CAIXA   0x00001f    program     static C:\Users\marcos\Documents\micro_2018_1\PROJETO1_PART2_REV1.X\MAIN.asm
              CHECA_BOMBA   0x000023    program     static C:\Users\marcos\Documents\micro_2018_1\PROJETO1_PART2_REV1.X\MAIN.asm
              FECHA_BOMBA   0x000027    program     static C:\Users\marcos\Documents\micro_2018_1\PROJETO1_PART2_REV1.X\MAIN.asm
               ABRE_BOMBA   0x00002b    program     static C:\Users\marcos\Documents\micro_2018_1\PROJETO1_PART2_REV1.X\MAIN.asm
            FECHA_VALVULA   0x00002f    program     static C:\Users\marcos\Documents\micro_2018_1\PROJETO1_PART2_REV1.X\MAIN.asm
             ABRE_VALVULA   0x000031    program     static C:\Users\marcos\Documents\micro_2018_1\PROJETO1_PART2_REV1.X\MAIN.asm
                    DELAY   0x000033    program     static C:\Users\marcos\Documents\micro_2018_1\PROJETO1_PART2_REV1.X\MAIN.asm
               LIMPA_TUDO   0x000038    program     static C:\Users\marcos\Documents\micro_2018_1\PROJETO1_PART2_REV1.X\MAIN.asm
                     MAIN   0x00003e    program     static C:\Users\marcos\Documents\micro_2018_1\PROJETO1_PART2_REV1.X\MAIN.asm
                   INICIO   0x00003f    program     static C:\Users\marcos\Documents\micro_2018_1\PROJETO1_PART2_REV1.X\MAIN.asm


